# host: Darwin 25.5.0 arm64, 14 cpus
# date: 2026-09-18T05:08:04Z
# lean:  Lean (version 4.34.0, arm64-apple-darwin24.6.0, commit 293d5d0c0c3f3dded4688b3ccd6a33939ac5102b, Release)
# lake:  Lake version 5.0.0-src+293d5d0 (Lean version 4.34.0)
# clean rebuild: rm -rf .lake/build && lake build 

✔ [8924/8930] Built Erdos960.Defs (25s)
⚠ [8925/8930] Built Erdos960.Curve (4.5s)
warning: Erdos960/Curve.lean:233:4: `push_neg` has been deprecated. Prefer using `push Not` instead.
If you'd rather continue using `push_neg` in your project, you can implement it as follows:
```
open Lean.Parser.Tactic in
macro "push_neg" cfg:optConfig loc:(location)? : tactic =>
  `(tactic| push $cfg:optConfig Not $[$loc]?)
```
warning: Erdos960/Curve.lean:282:4: `push_neg` has been deprecated. Prefer using `push Not` instead.
If you'd rather continue using `push_neg` in your project, you can implement it as follows:
```
open Lean.Parser.Tactic in
macro "push_neg" cfg:optConfig loc:(location)? : tactic =>
  `(tactic| push $cfg:optConfig Not $[$loc]?)
```
⚠ [8926/8930] Built Erdos960.Combinatorial (5.5s)
warning: Erdos960/Combinatorial.lean:185:0: automatically included section variable(s) unused in theorem `Erdos960.ordAdj_symm`:
  [NeZero m]
consider restructuring your `variable` declarations so that the variables are not in scope or explicitly omit them:
  omit [NeZero m] in theorem ...

Note: This linter can be disabled with `set_option linter.unusedSectionVars false`
warning: Erdos960/Combinatorial.lean:207:0: automatically included section variable(s) unused in theorem `Erdos960.not_ordAdj_of_third`:
  [NeZero m]
consider restructuring your `variable` declarations so that the variables are not in scope or explicitly omit them:
  omit [NeZero m] in theorem ...

Note: This linter can be disabled with `set_option linter.unusedSectionVars false`
warning: Erdos960/Combinatorial.lean:224:0: automatically included section variable(s) unused in theorem `Erdos960.le_edgeCount`:
  [NeZero m]
consider restructuring your `variable` declarations so that the variables are not in scope or explicitly omit them:
  omit [NeZero m] in theorem ...

Note: This linter can be disabled with `set_option linter.unusedSectionVars false`
warning: Erdos960/Combinatorial.lean:252:46: Variable name `hx` is not explicitly referenced.

Hint: The binding can be removed (if unused) or named `_` (if used implicitly). Alternatively, prefix the name with `_` to silence this warning:
  [apply] _hx

Note: This linter can be disabled with `set_option linter.unusedVariables false`
warning: Erdos960/Combinatorial.lean:252:69: Variable name `hy` is not explicitly referenced.

Hint: The binding can be removed (if unused) or named `_` (if used implicitly). Alternatively, prefix the name with `_` to silence this warning:
  [apply] _hy

Note: This linter can be disabled with `set_option linter.unusedVariables false`
warning: Erdos960/Combinatorial.lean:310:58: Variable name `hi` is not explicitly referenced.

Hint: The binding can be removed (if unused) or named `_` (if used implicitly). Alternatively, prefix the name with `_` to silence this warning:
  [apply] _hi

Note: This linter can be disabled with `set_option linter.unusedVariables false`
warning: Erdos960/Combinatorial.lean:388:0: automatically included section variable(s) unused in theorem `Erdos960.addOrderOf_hgen`:
  [NeZero m]
consider restructuring your `variable` declarations so that the variables are not in scope or explicitly omit them:
  omit [NeZero m] in theorem ...

Note: This linter can be disabled with `set_option linter.unusedSectionVars false`
warning: Erdos960/Combinatorial.lean:393:0: automatically included section variable(s) unused in theorem `Erdos960.resid_hgen`:
  [NeZero m]
consider restructuring your `variable` declarations so that the variables are not in scope or explicitly omit them:
  omit [NeZero m] in theorem ...

Note: This linter can be disabled with `set_option linter.unusedSectionVars false`
warning: Erdos960/Combinatorial.lean:443:0: automatically included section variable(s) unused in theorem `Erdos960.T_eq_map`:
  [NeZero m]
consider restructuring your `variable` declarations so that the variables are not in scope or explicitly omit them:
  omit [NeZero m] in theorem ...

Note: This linter can be disabled with `set_option linter.unusedSectionVars false`
warning: Erdos960/Combinatorial.lean:489:28: Variable name `hs` is not explicitly referenced.

Hint: The binding can be removed (if unused) or named `_` (if used implicitly). Alternatively, prefix the name with `_` to silence this warning:
  [apply] _hs

Note: This linter can be disabled with `set_option linter.unusedVariables false`
warning: Erdos960/Combinatorial.lean:522:22: Variable name `hm` is not explicitly referenced.

Hint: The binding can be removed (if unused) or named `_` (if used implicitly). Alternatively, prefix the name with `_` to silence this warning:
  [apply] _hm

Note: This linter can be disabled with `set_option linter.unusedVariables false`
warning: Erdos960/Combinatorial.lean:741:27: Variable name `hm` is not explicitly referenced.

Hint: The binding can be removed (if unused) or named `_` (if used implicitly). Alternatively, prefix the name with `_` to silence this warning:
  [apply] _hm

Note: This linter can be disabled with `set_option linter.unusedVariables false`
warning: Erdos960/Combinatorial.lean:742:18: Variable name `hi` is not explicitly referenced.

Hint: The binding can be removed (if unused) or named `_` (if used implicitly). Alternatively, prefix the name with `_` to silence this warning:
  [apply] _hi

Note: This linter can be disabled with `set_option linter.unusedVariables false`
warning: Erdos960/Combinatorial.lean:800:31: Variable name `hs` is not explicitly referenced.

Hint: The binding can be removed (if unused) or named `_` (if used implicitly). Alternatively, prefix the name with `_` to silence this warning:
  [apply] _hs

Note: This linter can be disabled with `set_option linter.unusedVariables false`
✔ [8927/8930] Built Erdos960.Bridge (4.1s)
✔ [8928/8930] Built Erdos960.Main (4.2s)
✔ [8929/8930] Built Erdos960 (3.8s)
Build completed successfully (8930 jobs).
real 51.85
user 21.96
sys 21.42
# exit=0
